// Jest Snapshot v1, https://goo.gl/fbAQLP

exports[`renders correctly 1`] = `
<div
  className="menu-container"
>
  <div
    className="menu-tmx"
  />
  <div
    className="row menu-tmx-content"
  >
    <div
      className="columns medium-4 large-4"
    >
      <img
        alt="TMX Matrix"
        className="tmxlogo-header"
        src="tmx_matrix_logo_small.png"
        title="TMX Matrix"
      />
    </div>
    <div
      className="columns header-arrow medium-8 large-8"
    >
      <ul
        className="tmx-header-list"
      >
        <li>
          <span
            onClick={undefined}
            onKeyDown={undefined}
            role="button"
            tabIndex="0"
          >
            Sign In
          </span>
          <span
            className="icon-right-arrow"
          />
        </li>
      </ul>
    </div>
  </div>
</div>
`;
