// Jest Snapshot v1, https://goo.gl/fbAQLP

exports[`renders correctly 1`] = `
<div
  className="menu-container"
>
  <div
    className="menu-tmx"
  />
  <div
    className="row menu-tmx-content"
  >
    <div
      className="columns medium-4 large-4"
    >
      <img
        alt="TMX Matrix"
        className="tmxlogo-header"
        src="tmx_matrix_logo_small.png"
        title="TMX Matrix"
      />
    </div>
    <div
      className="columns medium-8 large-8"
    >
      <ul
        className="tmx-header-list"
      >
        <li>
          <a
            href="/dashboard"
            onClick={[Function]}
          >
            Dashboard
          </a>
        </li>
        <li>
          <a
            href="/watchlist"
            onClick={[Function]}
          >
            Watchlist
          </a>
        </li>
        <li>
          <a
            href="/discover"
            onClick={[Function]}
          >
            Discover
          </a>
        </li>
        <li>
          <a
            href="/messages"
            onClick={[Function]}
          >
            Messages
          </a>
        </li>
        <li
          className="loggedInSearch"
        >
          <span
            className="icon-search"
          />
        </li>
        <li
          className="loggedInUser"
        >
          <a
            href="/dashboard"
            onClick={[Function]}
          >
            <img
              alt="User"
              src="profile_generic.png"
              title="User"
            />
          </a>
        </li>
      </ul>
    </div>
  </div>
</div>
`;
